Renesas Optimizing Linker (V3.05.00 )             02-Oct-2025 14:21:22

*** Options ***

-subcommand=LinkerRL78G23_100GLG_IICA0_Original_EEPROM_24C32_WR_Demo.tmp
-MAKEUD="C:\A_sw_workspace\e2s_workspace\e2workspace_202307\RL78G23_100GLG_IICA0_Original_EEPROM_24C32_WR_Demo\HardwareDebug/RL78G23_100GLG_IICA0_Original_EEPROM_24C32_WR_Demo_l.ud" 
-device="C:/Users/a5140073/.eclipse/com.renesas.platform_1297214930/DebugComp/RL78/RL78/Common/DR7F100GLG.DVF" 
-list="RL78G23_100GLG_IICA0_Original_EEPROM_24C32_WR_Demo.map" 
-nooptimize 
-entry=_start 
-auto_section_layout 
-security_id=00000000000000000000 
-debug_monitor=1FE00-1FFFF 
-user_opt_byte=EF3AE8 
-ocdbg=84 
-ocdtr 
-input=".\src/smc_gen/r_bsp/board/generic_rl78_g23\stkinit.obj"
-input=".\src/smc_gen/r_bsp/mcu/all\cstart.obj"
-input=".\src/smc_gen/r_bsp/mcu/all\r_bsp_common_ccrl.obj"
-input=".\src\RL78G23_100GLG_IICA0_Original_EEPROM_24C32_WR_Demo.obj"
-input=".\src/smc_gen/Config_IICA0\Config_IICA0.obj"
-input=".\src/smc_gen/Config_IICA0\Config_IICA0_user.obj"
-input=".\src/smc_gen/general\r_cg_iica_common.obj"
-input=".\src/smc_gen/general\r_cg_systeminit.obj"
-input=".\src/smc_gen/r_bsp/board/generic_rl78_g23\hdwinit.obj"
-input=".\src/smc_gen/r_bsp/board/generic_rl78_g23\r_bsp_init.obj"
-input=".\src/smc_gen/r_bsp/mcu/all\r_bsp_common.obj"
-input=".\src/smc_gen/r_bsp/mcu/rl78_g23\mcu_clocks.obj"
-library="C:\Program Files (x86)\Renesas\RL78\1_12_1\lib\rl78em4s99.lib"
-library="C:\Program Files (x86)\Renesas\RL78\1_12_1\lib\rl78em4r.lib"
-library="C:\Program Files (x86)\Renesas\RL78\1_12_1\lib\malloc_n.lib"
-output="RL78G23_100GLG_IICA0_Original_EEPROM_24C32_WR_Demo.abs" 
-debug 
-nocompress 
-memory=high 
-rom=.data=.dataR,.sdata=.sdataR 
-nomessage 
-nologo

*** Error information ***

*** Mapping List ***

SECTION                            START      END         SIZE   ALIGN
.vect
                                  00000000  0000007f        80   0
.constf
                                  00000080  00000080         0   2
.init_array
                                  00000080  00000080         0   2
.sdata
                                  00000080  00000080         0   2
.data
                                  00000082  00000082         1   2
.option_byte
                                  000000c0  000000c3         4   1
.security_id
                                  000000c4  000000cd         a   1
.SLIB
                                  000000c4  000000c4         0   1
.monitor1
                                  000000ce  000000d7         a   1
.text
                                  000000d8  0000017b        a4   1
.textf
                                  0000017c  000006eb       570   1
.RLIB
                                  000006ec  000009e2       2f7   1
.const
                                  00003000  00003067        68   2
.monitor2
                                  0001fe00  0001ffff       200   1
.bss
                                  000fbf00  000fbf39        3a   2
.dataR
                                  000fbf3a  000fbf3a         1   2
.sbss
                                  000ffe20  000ffe20         0   2
.sdataR
                                  000ffe20  000ffe20         0   2
